// Jest Snapshot v1, https://goo.gl/fbAQLP

exports[`assistant loads name and description 1`] = `"Movie builder"`;

exports[`assistant loads name and description 2`] = `"Assistant 1 description"`;

exports[`assistant loads workflows 1`] = `1`;

exports[`assistant starts workflow 1`] = `
"<name>Movie builder</name>
<description>Assistant 1 description</description>
<skills>
  <skill id="movie-building-skill">
    <name>Movie building skill</name>
    <description>Building a movie scenario means
            creating a story that takes place in
            a world with certain characters, 
            plot lines and themes. 
            The world can be a fantasy world, 
            a historical period, a real world city, 
            or any other setting imaginable. 
            The story can be a romance, a thriller, 
            a sci-fi epic or any other genre. The characters can be humans, animals, aliens, or any other type of being. The plot can be a simple one, like a romance that takes place in a small town, or a complex one, like a multi-layered epic that takes place in a fictional world. The themes can be simple, like love and friendship, or complex, like the nature of reality and the human condition. The movie scenario building skill allows you to explore all of these possibilities and create a unique story that expresses your imagination and creativity.</description>
  </skill>
  <skill id="world-building-skill">
    <name>World building</name>
    <description>A skill that allows you to build a world</description>
    <skills>
      <skill id="COT">
        <name>Chain of thought</name>
        <description>Understand the Question: 
    - Carefully read the input to grasp its full meaning and intent.
    - Identify Key Components: Break down the question into main parts or sub-questions that need to be addressed.
    - Gather Relevant Information: Recall relevant knowledge, facts, or data that pertain to each component.
    - Analyze Step-by-Step: Methodically examine each part, explaining the reasoning and logic behind each step.
    - Synthesize the Response: Combine the analyzed parts into a coherent and comprehensive answer.
    - Review for Clarity: Ensure the final response is clear, concise, and logically structured.

    When responding, first thoroughly understand the question. 
    Break it down into key components, gather relevant information 
    for each part, analyze each step logically, and then synthesize 
    your findings into a clear, comprehensive answer. 
    Explain your reasoning at each stage to ensure clarity and transparency 
    in your response.
    
    !IMPORTANT ALWAYS wrap your thought process in a \`reasoning\` xml tag</description>
      </skill>
    </skills>
    <workflows>
      <workflow id="character-building">
        <name>Character building</name>
        <description>A workflow that allows you to build a character with a given name</description>
        <input>
          <name>Human name</name>
          <description>Input description</description>
          <schema>{
            &quot;type&quot;: &quot;object&quot;,
            &quot;properties&quot;: {
              &quot;name&quot;: {
                &quot;type&quot;: &quot;string&quot;
              },
              &quot;surnamesLength&quot;: {
                &quot;type&quot;: &quot;number&quot;
              }
            }
          }</schema>
        </input>
        <steps>
          <step id="surname-generation">
            <model>
              <name>gpt-4o</name>
              <temperature>0.5</temperature>
              <max_tokens>1000</max_tokens>
            </model>
            <name>Surname generation</name>
            <description>Surname generation step</description>
            <prompt>Produce \${surnamesLength} surnames that sound good with the name: \${name}</prompt>
            <output id="surnames">
              <name>Surnames</name>
              <schema>{
                &quot;type&quot;: &quot;object&quot;,
                &quot;properties&quot;: {
                  &quot;surnames&quot;: {
                    &quot;type&quot;: &quot;array&quot;,
                    &quot;items&quot;: {
                      &quot;type&quot;: &quot;string&quot;
                    }
                  }
                }
              }</schema>
            </output>
          </step>
          <step id="surname-selection">
            <name>Surname selection</name>
            <description>Surname selection step</description>
            <prompt>Given the name: \${name} select one of the surnames: \${surnames}</prompt>
            <output id="surname">
              <name>Surname</name>
              <schema>{
                &quot;type&quot;: &quot;object&quot;,
                &quot;properties&quot;: {
                  &quot;surname&quot;: {
                    &quot;type&quot;: &quot;string&quot;
                  }
                }
              }</schema>
            </output>
          </step>
          <step id="character-generation">
            <name>Character generation</name>
            <description>Character generation step</description>
            <prompt>Generate a character with the name: \${name} and the surname: \${surname}</prompt>
            <output id="character">
              <name>Character</name>
              <schema>{
                &quot;type&quot;: &quot;object&quot;,
                &quot;properties&quot;: {
                  &quot;character&quot;: {
                    &quot;type&quot;: &quot;string&quot;
                  }
                }
              }</schema>
            </output>
          </step>
          <step id="backstories-generation">
            <name>Backstories generation</name>
            <description>Backstories generation step</description>
            <prompt>Generate 10 backstories for the character: \${character}</prompt>
            <output id="backstories">
              <name>Backstories</name>
              <schema>{
                &quot;type&quot;: &quot;object&quot;,
                &quot;properties&quot;: {
                  &quot;backstories&quot;: {
                    &quot;type&quot;: &quot;array&quot;,
                    &quot;items&quot;: {
                      &quot;type&quot;: &quot;string&quot;
                    }
                  }
                }
              }</schema>
            </output>
          </step>
          <step id="backstory-enhancement" loop="backstories" as="backstory">
            <name>Backstory enhancement</name>
            <description>Backstory enhancement step</description>
            <prompt>Enhance the backstory: \${backstory}</prompt>
            <output id="enhanced-backstories">
              <name>Enhanced backstory</name>
              <schema push="enhanced_backstories">{
                &quot;type&quot;: &quot;object&quot;,
                &quot;properties&quot;: {
                  &quot;title&quot;: {
                    &quot;type&quot;: &quot;string&quot;
                  },
                  &quot;story&quot;: {
                    &quot;type&quot;: &quot;string&quot;
                  }
                }
              }</schema>
            </output>
          </step>
        </steps>
      </workflow>
    </workflows>
  </skill>
</skills>
"
`;

exports[`assistant starts workflow 2`] = `
{
  "backstories": [
    "Backstory 1",
    "Backstory 2",
    "Backstory 3",
    "Backstory 4",
    "Backstory 5",
    "Backstory 6",
    "Backstory 7",
    "Backstory 8",
    "Backstory 9",
    "Backstory 10",
  ],
  "character": "John Doe",
  "enhanced_backstories": [
    {
      "story": "Enhanced backstory 1",
      "title": "Backstory 1",
    },
    {
      "story": "Enhanced backstory 2",
      "title": "Backstory 2",
    },
    {
      "story": "Enhanced backstory 3",
      "title": "Backstory 3",
    },
    {
      "story": "Enhanced backstory 4",
      "title": "Backstory 4",
    },
    {
      "story": "Enhanced backstory 5",
      "title": "Backstory 5",
    },
    {
      "story": "Enhanced backstory 6",
      "title": "Backstory 6",
    },
    {
      "story": "Enhanced backstory 7",
      "title": "Backstory 7",
    },
    {
      "story": "Enhanced backstory 8",
      "title": "Backstory 8",
    },
    {
      "story": "Enhanced backstory 9",
      "title": "Backstory 9",
    },
    {
      "story": "Enhanced backstory 10",
      "title": "Backstory 10",
    },
  ],
  "name": "John",
  "surname": "Doe",
  "surnames": [
    "Doe",
    "Smith",
    "Lan",
  ],
  "surnamesLength": 2,
}
`;

exports[`assistant starts workflow 3`] = `
[
  "Prompt:
Produce 2 surnames that sound good with the name: John
Context:
[
  "surnamesLength",
  "name"
]
Response:
{
  "surnames": [
    "Doe",
    "Smith",
    "Lan"
  ]
}
Assistant Config:
{
  "name": "Movie builder",
  "skills": [
    "movie-building-skill",
    "world-building-skill"
  ]
}
Model:
{
  "name": "gpt-4o",
  "temperature": 0.5,
  "max_tokens": 1000
}
------------------------------------------


",
  "Prompt:
Given the name: John select one of the surnames: Doe,Smith,Lan
Context:
[
  "name",
  "surnames"
]
Response:
{
  "surname": "Doe"
}
Assistant Config:
{
  "name": "Movie builder",
  "skills": [
    "movie-building-skill",
    "world-building-skill"
  ]
}
Model:
{
  "name": "gpt-4o",
  "temperature": 0.5,
  "max_tokens": 1000
}
------------------------------------------


",
  "Prompt:
Generate a character with the name: John and the surname: Doe
Context:
[
  "name",
  "surname"
]
Response:
{
  "character": "John Doe"
}
Assistant Config:
{
  "name": "Movie builder",
  "skills": [
    "movie-building-skill",
    "world-building-skill"
  ]
}
Model:
{
  "name": "gpt-4o",
  "temperature": 0.5,
  "max_tokens": 1000
}
------------------------------------------


",
  "Prompt:
Generate 10 backstories for the character: John Doe
Context:
[
  "character"
]
Response:
{
  "backstories": [
    "Backstory 1",
    "Backstory 2",
    "Backstory 3",
    "Backstory 4",
    "Backstory 5",
    "Backstory 6",
    "Backstory 7",
    "Backstory 8",
    "Backstory 9",
    "Backstory 10"
  ]
}
Assistant Config:
{
  "name": "Movie builder",
  "skills": [
    "movie-building-skill",
    "world-building-skill"
  ]
}
Model:
{
  "name": "gpt-4o",
  "temperature": 0.5,
  "max_tokens": 1000
}
------------------------------------------


",
  "Prompt:
Enhance the backstory: Backstory 1
Context:
[
  "backstory"
]
Response:
{
  "title": "Backstory 1",
  "story": "Enhanced backstory 1"
}
Assistant Config:
{
  "name": "Movie builder",
  "skills": [
    "movie-building-skill",
    "world-building-skill"
  ]
}
Model:
{
  "name": "gpt-4o",
  "temperature": 0.5,
  "max_tokens": 1000
}
------------------------------------------


",
  "Prompt:
Enhance the backstory: Backstory 2
Context:
[
  "backstory"
]
Response:
{
  "title": "Backstory 2",
  "story": "Enhanced backstory 2"
}
Assistant Config:
{
  "name": "Movie builder",
  "skills": [
    "movie-building-skill",
    "world-building-skill"
  ]
}
Model:
{
  "name": "gpt-4o",
  "temperature": 0.5,
  "max_tokens": 1000
}
------------------------------------------


",
  "Prompt:
Enhance the backstory: Backstory 3
Context:
[
  "backstory"
]
Response:
{
  "title": "Backstory 3",
  "story": "Enhanced backstory 3"
}
Assistant Config:
{
  "name": "Movie builder",
  "skills": [
    "movie-building-skill",
    "world-building-skill"
  ]
}
Model:
{
  "name": "gpt-4o",
  "temperature": 0.5,
  "max_tokens": 1000
}
------------------------------------------


",
  "Prompt:
Enhance the backstory: Backstory 4
Context:
[
  "backstory"
]
Response:
{
  "title": "Backstory 4",
  "story": "Enhanced backstory 4"
}
Assistant Config:
{
  "name": "Movie builder",
  "skills": [
    "movie-building-skill",
    "world-building-skill"
  ]
}
Model:
{
  "name": "gpt-4o",
  "temperature": 0.5,
  "max_tokens": 1000
}
------------------------------------------


",
  "Prompt:
Enhance the backstory: Backstory 5
Context:
[
  "backstory"
]
Response:
{
  "title": "Backstory 5",
  "story": "Enhanced backstory 5"
}
Assistant Config:
{
  "name": "Movie builder",
  "skills": [
    "movie-building-skill",
    "world-building-skill"
  ]
}
Model:
{
  "name": "gpt-4o",
  "temperature": 0.5,
  "max_tokens": 1000
}
------------------------------------------


",
  "Prompt:
Enhance the backstory: Backstory 6
Context:
[
  "backstory"
]
Response:
{
  "title": "Backstory 6",
  "story": "Enhanced backstory 6"
}
Assistant Config:
{
  "name": "Movie builder",
  "skills": [
    "movie-building-skill",
    "world-building-skill"
  ]
}
Model:
{
  "name": "gpt-4o",
  "temperature": 0.5,
  "max_tokens": 1000
}
------------------------------------------


",
  "Prompt:
Enhance the backstory: Backstory 7
Context:
[
  "backstory"
]
Response:
{
  "title": "Backstory 7",
  "story": "Enhanced backstory 7"
}
Assistant Config:
{
  "name": "Movie builder",
  "skills": [
    "movie-building-skill",
    "world-building-skill"
  ]
}
Model:
{
  "name": "gpt-4o",
  "temperature": 0.5,
  "max_tokens": 1000
}
------------------------------------------


",
  "Prompt:
Enhance the backstory: Backstory 8
Context:
[
  "backstory"
]
Response:
{
  "title": "Backstory 8",
  "story": "Enhanced backstory 8"
}
Assistant Config:
{
  "name": "Movie builder",
  "skills": [
    "movie-building-skill",
    "world-building-skill"
  ]
}
Model:
{
  "name": "gpt-4o",
  "temperature": 0.5,
  "max_tokens": 1000
}
------------------------------------------


",
  "Prompt:
Enhance the backstory: Backstory 9
Context:
[
  "backstory"
]
Response:
{
  "title": "Backstory 9",
  "story": "Enhanced backstory 9"
}
Assistant Config:
{
  "name": "Movie builder",
  "skills": [
    "movie-building-skill",
    "world-building-skill"
  ]
}
Model:
{
  "name": "gpt-4o",
  "temperature": 0.5,
  "max_tokens": 1000
}
------------------------------------------


",
  "Prompt:
Enhance the backstory: Backstory 10
Context:
[
  "backstory"
]
Response:
{
  "title": "Backstory 10",
  "story": "Enhanced backstory 10"
}
Assistant Config:
{
  "name": "Movie builder",
  "skills": [
    "movie-building-skill",
    "world-building-skill"
  ]
}
Model:
{
  "name": "gpt-4o",
  "temperature": 0.5,
  "max_tokens": 1000
}
------------------------------------------


",
]
`;
